Test output line 1
Test output line 2
